Compiling lib\main.dart for the Web...                          
flutter : Wasm dry run 
findings:
In riga:1 car:1
+ flutter build web 2>&1 > 
build_output.txt; 
Get-Content build_output.t 
...
+ ~~~~~~~~~~~~~~~~~~~~~~~~~~
~~~~~~~~~~~~~~~
    + CategoryInfo          
    : NotSpecified: (Wasm   
  dry run findings::Strin   
 g) [], RemoteException
    + FullyQualifiedErrorId 
    : NativeCommandError
 
Found incompatibilities 
with WebAssembly.

package:share_plus/src/share
_plus_web.dart 1:1 - 
dart:html unsupported (0)
package:audioplayers_web/wra
pped_player.dart 2:1 - 
dart:html unsupported (0)
package:audioplayers_web/web
_audio_js.dart 1:1 - 
dart:html unsupported (0)
package:js/js.dart 10:1 - 
dart:js unsupported (1)
package:audioplayers_web/web
_audio_js.dart 3:1 - JS 
interop library 
'package:js/js.dart' can't 
be imported when compiling 
to Wasm. (2)

Consider addressing these 
issues to enable wasm 
builds. See docs for more 
info: https://docs.flutter.d
ev/platform-integration/web/
wasm

Use --no-wasm-dry-run to 
disable these warnings.
Target dart2js failed: 
ProcessException: Process 
exited abnormally with exit 
code 1:
lib/presentation/screens/hom
e/enhanced_home_screen.dart:
813:55:
Error: Not a constant 
expression.
              
MaterialPageRoute(builder: 
(_) => const 
FormAnalysisScreen()),
                            
                          
^^^^^^^^^^^^^^^^^^
Error: Compilation failed.
  Command: C:\Users\genti\fl
utter\bin\cache\dart-sdk\bin
\dart.exe compile js --platf
orm-binaries=C:\Users\genti\
flutter\bin\cache\flutter_we
b_sdk\kernel 
--invoker=flutter_tool 
-Ddart.vm.product=true 
-DFLUTTER_VERSION=3.38.2 
-DFLUTTER_CHANNEL=stable -DF
LUTTER_GIT_URL=https://githu
b.com/flutter/flutter.git -D
FLUTTER_FRAMEWORK_REVISION=f
5a8537f90 -DFLUTTER_ENGINE_R
EVISION=b5990e5ccc -DFLUTTER
_DART_VERSION=3.10.0 
-DFLUTTER_WEB_USE_SKIA=true 
-DFLUTTER_WEB_USE_SKWASM=fal
se -DFLUTTER_WEB_CANVASKIT_U
RL=https://www.gstatic.com/f
lutter-canvaskit/b5990e5ccc5
e325fd24f0746e7d6689bbebc7c6
5/ --native-null-assertions 
--no-source-maps -O4 
--minify -o C:\Users\genti\P
rogetti\GIGI\.dart_tool
\flutter_build\fe76aece945cf
978db5bc7cc2e523b5e\app.dill
 --packages=C:\Users\genti\P
rogetti\GIGI\.dart_tool
\package_config.json 
--cfe-only C:\Users\genti\Pr
ogetti\GIGI\.dart_tool\
flutter_build\fe76aece945cf9
78db5bc7cc2e523b5e\main.dart
#0      
RunResult.throwException (pa
ckage:flutter_tools/src/base
/process.dart:153:5)
#1      
_DefaultProcessUtils.run (pa
ckage:flutter_tools/src/base
/process.dart:379:19)
<asynchronous suspension>
#2      Dart2JSTarget.build 
(package:flutter_tools/src/b
uild_system/targets/web.dart
:207:5)
<asynchronous suspension>
#3      _BuildInstance._invo
keInternal (package:flutter_
tools/src/build_system/build
_system.dart:873:9)
<asynchronous suspension>
#4      
Future.wait.<anonymous 
closure> (dart:async/future.
dart:546:21)
<asynchronous suspension>
#5      
_BuildInstance.invokeTarget 
(package:flutter_tools/src/b
uild_system/build_system.dar
t:811:32)
<asynchronous suspension>
#6      
Future.wait.<anonymous 
closure> (dart:async/future.
dart:546:21)
<asynchronous suspension>
#7      
_BuildInstance.invokeTarget 
(package:flutter_tools/src/b
uild_system/build_system.dar
t:811:32)
<asynchronous suspension>
#8      
FlutterBuildSystem.build (pa
ckage:flutter_tools/src/buil
d_system/build_system.dart:6
31:16)
<asynchronous suspension>
#9      WebBuilder.buildWeb 
(package:flutter_tools/src/w
eb/compile.dart:94:34)
<asynchronous suspension>
#10     
BuildWebCommand.runCommand (
package:flutter_tools/src/co
mmands/build_web.dart:296:5)
<asynchronous suspension>
#11     FlutterCommand.run.<
anonymous closure> (package:
flutter_tools/src/runner/flu
tter_command.dart:1559:27)
<asynchronous suspension>
#12     
AppContext.run.<anonymous 
closure> (package:flutter_to
ols/src/base/context.dart:15
4:19)
<asynchronous suspension>
#13     
CommandRunner.runCommand (pa
ckage:args/command_runner.da
rt:212:13)
<asynchronous suspension>
#14     FlutterCommandRunner
.runCommand.<anonymous 
closure> (package:flutter_to
ols/src/runner/flutter_comma
nd_runner.dart:487:9)
<asynchronous suspension>
#15     
AppContext.run.<anonymous 
closure> (package:flutter_to
ols/src/base/context.dart:15
4:19)
<asynchronous suspension>
#16     FlutterCommandRunner
.runCommand (package:flutter
_tools/src/runner/flutter_co
mmand_runner.dart:422:5)
<asynchronous suspension>
#17     run.<anonymous 
closure>.<anonymous 
closure> (package:flutter_to
ols/runner.dart:104:11)
<asynchronous suspension>
#18     
AppContext.run.<anonymous 
closure> (package:flutter_to
ols/src/base/context.dart:15
4:19)
<asynchronous suspension>
#19     main (package:flutte
r_tools/executable.dart:103:
3)
<asynchronous suspension>

Compiling lib\main.dart for the Web...                            240,3s
Error: Failed to compile 
application for the Web.
