00:00 +0: loading C:/Users/genti/OneDrive/Documenti/Progetti Personali/GIGI/test/widget_test.dart
00:00 +0: App starts with Onboarding screen
ÔòÉÔòÉÔòí EXCEPTION CAUGHT BY RENDERING LIBRARY Ôò×ÔòÉÔòÉÔòÉÔòÉÔòÉÔòÉÔòÉÔòÉÔòÉÔòÉÔòÉÔòÉÔòÉÔòÉÔòÉÔòÉÔòÉÔòÉÔòÉÔòÉÔòÉÔòÉÔòÉÔòÉÔòÉÔòÉÔòÉÔòÉÔòÉÔòÉÔòÉÔòÉÔòÉÔòÉÔòÉÔòÉÔòÉÔòÉÔòÉÔòÉÔòÉÔòÉÔòÉÔòÉÔòÉÔòÉÔòÉÔòÉÔòÉÔòÉÔòÉÔòÉÔòÉÔòÉÔòÉÔòÉÔòÉ
The following assertion was thrown during layout:
A RenderFlex overflowed by 4.0 pixels on the bottom.

The relevant error-causing widget was:
  Column
  Column:file:///C:/Users/genti/OneDrive/Documenti/Progetti%20Personali/GIGI/lib/presentation/screens/onboarding/onboarding_screen.dart:123:14

The overflowing RenderFlex has an orientation of Axis.vertical.
The edge of the RenderFlex that is overflowing has been marked in the rendering with a yellow and
black striped pattern. This is usually caused by the contents being too big for the RenderFlex.
Consider applying a flex factor (e.g. using an Expanded widget) to force the children of the
RenderFlex to fit within the available space instead of being sized to their natural size.
This is considered an error condition because it indicates that there is content that cannot be
seen. If the content is legitimately bigger than the available space, consider clipping it with a
ClipRect widget before putting it in the flex, or using a scrollable container rather than a Flex,
like a ListView.
The specific RenderFlex in question is: RenderFlex#bf0b4 OVERFLOWING:
  creator: Column ÔåÉ Padding ÔåÉ RepaintBoundary ÔåÉ IndexedSemantics ÔåÉ _SelectionKeepAlive ÔåÉ
    NotificationListener<KeepAliveNotification> ÔåÉ KeepAlive ÔåÉ AutomaticKeepAlive ÔåÉ KeyedSubtree ÔåÉ
    _SliverFillViewportRenderObjectWidget ÔåÉ _SliverFractionalPadding ÔåÉ SliverFillViewport ÔåÉ Ôï»
  parentData: offset=Offset(32.0, 32.0) (can use size)
  constraints: BoxConstraints(w=736.0, h=332.0)
  size: Size(736.0, 332.0)
  direction: vertical
  mainAxisAlignment: center
  mainAxisSize: max
  crossAxisAlignment: center
  verticalDirection: down
  spacing: 0.0
ÔùóÔùñÔùóÔùñÔùóÔùñÔùóÔùñÔùóÔùñÔùóÔùñÔùóÔùñÔùóÔùñÔùóÔùñÔùóÔùñÔùóÔùñÔùóÔùñÔùóÔùñÔùóÔùñÔùóÔùñÔùóÔùñÔùóÔùñÔùóÔùñÔùóÔùñÔùóÔùñÔùóÔùñÔùóÔùñÔùóÔùñÔùóÔùñÔùóÔùñÔùóÔùñÔùóÔùñÔùóÔùñÔùóÔùñÔùóÔùñÔùóÔùñÔùóÔùñÔùóÔùñÔùóÔùñÔùóÔùñÔùóÔùñÔùóÔùñÔùóÔùñÔùóÔùñÔùóÔùñÔùóÔùñÔùóÔùñÔùóÔùñÔùóÔùñÔùóÔùñÔùóÔùñÔùóÔùñÔùóÔùñÔùóÔùñÔùóÔùñ
ÔòÉÔòÉÔòÉÔòÉÔòÉÔòÉÔòÉÔòÉÔòÉÔòÉÔòÉÔòÉÔòÉÔòÉÔòÉÔòÉÔòÉÔòÉÔòÉÔòÉÔòÉÔòÉÔòÉÔòÉÔòÉÔòÉÔòÉÔòÉÔòÉÔòÉÔòÉÔòÉÔòÉÔòÉÔòÉÔòÉÔòÉÔòÉÔòÉÔòÉÔòÉÔòÉÔòÉÔòÉÔòÉÔòÉÔòÉÔòÉÔòÉÔòÉÔòÉÔòÉÔòÉÔòÉÔòÉÔòÉÔòÉÔòÉÔòÉÔòÉÔòÉÔòÉÔòÉÔòÉÔòÉÔòÉÔòÉÔòÉÔòÉÔòÉÔòÉÔòÉÔòÉÔòÉÔòÉÔòÉÔòÉÔòÉÔòÉÔòÉÔòÉÔòÉÔòÉÔòÉÔòÉÔòÉÔòÉÔòÉÔòÉÔòÉÔòÉÔòÉÔòÉÔòÉÔòÉÔòÉÔòÉÔòÉÔòÉÔòÉ
00:00 +0 -1: App starts with Onboarding screen [E]
  Test failed. See exception logs above.
  The test description was: App starts with Onboarding screen
  
00:00 +0 -1: Some tests failed.
